The target system is: Generic - 3.1.99 - arm
The host system is: Linux - 5.13.0-52-generic - x86_64
Compiling the C compiler identification source file "CMakeCCompilerId.c" succeeded.
Compiler: /home/rgroh/zephyr-sdk-0.14.1/arm-zephyr-eabi/bin/arm-zephyr-eabi-gcc 
Build flags: 
Id flags: -c 

The output was:
0


Compilation of the C compiler identification source "CMakeCCompilerId.c" produced "CMakeCCompilerId.o"

The C compiler identification is GNU, found in "/home/rgroh/Documents/AIrway/tflite/airway_tflite/build/CMakeFiles/3.23.2/CompilerIdC/CMakeCCompilerId.o"

Compiling the CXX compiler identification source file "CMakeCXXCompilerId.cpp" succeeded.
Compiler: /home/rgroh/zephyr-sdk-0.14.1/arm-zephyr-eabi/bin/arm-zephyr-eabi-g++ 
Build flags: 
Id flags: -c 

The output was:
0


Compilation of the CXX compiler identification source "CMakeCXXCompilerId.cpp" produced "CMakeCXXCompilerId.o"

The CXX compiler identification is GNU, found in "/home/rgroh/Documents/AIrway/tflite/airway_tflite/build/CMakeFiles/3.23.2/CompilerIdCXX/CMakeCXXCompilerId.o"

Checking whether the ASM compiler is GNU using "--version" matched "(GNU assembler)|(GCC)|(Free Software Foundation)":
arm-zephyr-eabi-gcc (Zephyr SDK 0.14.1) 10.3.0
Copyright (C) 2020 Free Software Foundation, Inc.
This is free software; see the source for copying conditions.  There is NO
warranty; not even for MERCHANTABILITY or FITNESS FOR A PARTICULAR PURPOSE.

Performing C SOURCE FILE Test check_fmacro_prefix_map__home_rgroh_Documents_AIrway_tflite_airway_tflite_CMAKE_SOURCE_DIR_C__nostartfiles__nostdlib__isystem___home_rgroh_zephyr_sdk_0_14_1_arm_zephyr_eabi_bin____lib_gcc_arm_zephyr_eabi_10_3_0_include___isystem___home_rgroh_zephyr_sdk_0_14_1_arm_zephyr_eabi_bin____lib_gcc_arm_zephyr_eabi_10_3_0_include_fixed___Wl___unresolved_symbols_ignore_in_object_files__Wl___entry_0 succeeded with the following output:
Change Dir: /home/rgroh/Documents/AIrway/tflite/airway_tflite/build/CMakeFiles/CMakeTmp

Run Build Command(s):/home/rgroh/.local/bin/ninja cmTC_c84cc && [1/2] Building C object CMakeFiles/cmTC_c84cc.dir/src.c.obj
[2/2] Linking C executable cmTC_c84cc


Source file was:
int main(void) { return 0; }
Performing C++ SOURCE FILE Test check_fmacro_prefix_map__home_rgroh_Documents_AIrway_tflite_airway_tflite_CMAKE_SOURCE_DIR_CXX__nostartfiles__nostdlib__isystem___home_rgroh_zephyr_sdk_0_14_1_arm_zephyr_eabi_bin____lib_gcc_arm_zephyr_eabi_10_3_0_include___isystem___home_rgroh_zephyr_sdk_0_14_1_arm_zephyr_eabi_bin____lib_gcc_arm_zephyr_eabi_10_3_0_include_fixed___Wl___unresolved_symbols_ignore_in_object_files__Wl___entry_0 succeeded with the following output:
Change Dir: /home/rgroh/Documents/AIrway/tflite/airway_tflite/build/CMakeFiles/CMakeTmp

Run Build Command(s):/home/rgroh/.local/bin/ninja cmTC_e3df5 && [1/2] Building CXX object CMakeFiles/cmTC_e3df5.dir/src.cxx.obj
[2/2] Linking CXX executable cmTC_e3df5


Source file was:
int main() { return 0; }
Performing C SOURCE FILE Test check_fmacro_prefix_map__home_rgroh_Documents_AIrway_tflite_zephyr_ZEPHYR_BASE_C__nostartfiles__nostdlib__isystem___home_rgroh_zephyr_sdk_0_14_1_arm_zephyr_eabi_bin____lib_gcc_arm_zephyr_eabi_10_3_0_include___isystem___home_rgroh_zephyr_sdk_0_14_1_arm_zephyr_eabi_bin____lib_gcc_arm_zephyr_eabi_10_3_0_include_fixed___Wl___unresolved_symbols_ignore_in_object_files__Wl___entry_0 succeeded with the following output:
Change Dir: /home/rgroh/Documents/AIrway/tflite/airway_tflite/build/CMakeFiles/CMakeTmp

Run Build Command(s):/home/rgroh/.local/bin/ninja cmTC_ce4e0 && [1/2] Building C object CMakeFiles/cmTC_ce4e0.dir/src.c.obj
[2/2] Linking C executable cmTC_ce4e0


Source file was:
int main(void) { return 0; }
Performing C++ SOURCE FILE Test check_fmacro_prefix_map__home_rgroh_Documents_AIrway_tflite_zephyr_ZEPHYR_BASE_CXX__nostartfiles__nostdlib__isystem___home_rgroh_zephyr_sdk_0_14_1_arm_zephyr_eabi_bin____lib_gcc_arm_zephyr_eabi_10_3_0_include___isystem___home_rgroh_zephyr_sdk_0_14_1_arm_zephyr_eabi_bin____lib_gcc_arm_zephyr_eabi_10_3_0_include_fixed___Wl___unresolved_symbols_ignore_in_object_files__Wl___entry_0 succeeded with the following output:
Change Dir: /home/rgroh/Documents/AIrway/tflite/airway_tflite/build/CMakeFiles/CMakeTmp

Run Build Command(s):/home/rgroh/.local/bin/ninja cmTC_576f5 && [1/2] Building CXX object CMakeFiles/cmTC_576f5.dir/src.cxx.obj
[2/2] Linking CXX executable cmTC_576f5


Source file was:
int main() { return 0; }
Performing C SOURCE FILE Test check_fmacro_prefix_map__home_rgroh_Documents_AIrway_tflite_WEST_TOPDIR_C__nostartfiles__nostdlib__isystem___home_rgroh_zephyr_sdk_0_14_1_arm_zephyr_eabi_bin____lib_gcc_arm_zephyr_eabi_10_3_0_include___isystem___home_rgroh_zephyr_sdk_0_14_1_arm_zephyr_eabi_bin____lib_gcc_arm_zephyr_eabi_10_3_0_include_fixed___Wl___unresolved_symbols_ignore_in_object_files__Wl___entry_0 succeeded with the following output:
Change Dir: /home/rgroh/Documents/AIrway/tflite/airway_tflite/build/CMakeFiles/CMakeTmp

Run Build Command(s):/home/rgroh/.local/bin/ninja cmTC_5fcf1 && [1/2] Building C object CMakeFiles/cmTC_5fcf1.dir/src.c.obj
[2/2] Linking C executable cmTC_5fcf1


Source file was:
int main(void) { return 0; }
Performing C++ SOURCE FILE Test check_fmacro_prefix_map__home_rgroh_Documents_AIrway_tflite_WEST_TOPDIR_CXX__nostartfiles__nostdlib__isystem___home_rgroh_zephyr_sdk_0_14_1_arm_zephyr_eabi_bin____lib_gcc_arm_zephyr_eabi_10_3_0_include___isystem___home_rgroh_zephyr_sdk_0_14_1_arm_zephyr_eabi_bin____lib_gcc_arm_zephyr_eabi_10_3_0_include_fixed___Wl___unresolved_symbols_ignore_in_object_files__Wl___entry_0 succeeded with the following output:
Change Dir: /home/rgroh/Documents/AIrway/tflite/airway_tflite/build/CMakeFiles/CMakeTmp

Run Build Command(s):/home/rgroh/.local/bin/ninja cmTC_538f6 && [1/2] Building CXX object CMakeFiles/cmTC_538f6.dir/src.cxx.obj
[2/2] Linking CXX executable cmTC_538f6


Source file was:
int main() { return 0; }
